I'm sorry, but errors were detected in your script. Please correct the
errors listed below, and try again.


File "game/script.rpy", line 845: invalid syntax
    cub_gold=5:
               ^
    

Ren'Py Version: Ren'Py 7.1.3.1092
Thu Nov 29 12:01:28 2018
